23:18:28 | [INIT] [SIMULATION    ] Initializing QuakeResponse disaster simulation...
23:18:28 | [INIT] [LAYOUT        ] Running CSP solver for resource zone planning...
23:18:28 | [INIT] [LAYOUT        ] Emergency resource zones assigned successfully via CSP.
23:18:28 | [INIT] [ROADS         ] Building emergency corridor network (MST + redundancy)...
23:18:29 | [INIT] [ROADS         ] Emergency corridors built. 319 active corridors.
23:18:29 | [INIT] [VULNERABILITY ] Running structural vulnerability assessment pipeline...
23:18:29 | [INIT] [VULNERABILITY ] Vulnerability assessment complete. HIGH=5, MEDIUM=29, LOW=191
23:18:29 | [INIT] [VULNERABILITY ] Decision Tree rules:
IF occupancy_density <= 0.610 (gini=0.069):
  IF hazard_proximity <= 0.750 (gini=0.030):
    IF occupancy_density <= 0.487 (gini=0.019):
      → PREDICT: LOW
    ELSE:
      IF hazard_proximity <= 0.194 (gini=0.000):
        → PREDICT: LOW
      ELSE:
        → PREDICT: MEDIUM
  ELSE:
    → PREDICT: HIGH
ELSE:
  → PREDICT: MEDIUM

23:18:29 | [INIT] [VULNERABILITY ] 10 SAR teams deployed to sectors: 209, 33, 155, 74, 191, 85, 86, 102, 223, 116
23:18:29 | [INIT] [MEDICAL       ] Running GA for medical unit deployment...
23:18:41 | [INIT] [MEDICAL       ] Medical units deployed at sectors [47, 170, 102] (fitness=9.700)
23:18:41 | [INIT] [ROUTING       ] Creating A* rescue router...
23:18:41 | [INIT] [ROUTING       ] Rescue mission set. Start: sector 12. Trapped survivors at: [86, 171, 167, 221, 54]
23:18:41 | [INIT] [SIMULATION    ] Initialization complete. All 5 challenges ready.
