12:03:27 | [INIT] [SIMULATION] Initializing CityMind simulation...
12:03:27 | [INIT] [LAYOUT    ] Running CSP solver for city layout...
12:03:27 | [INIT] [LAYOUT    ] City layout assigned successfully via CSP.
12:03:27 | [INIT] [ROADS     ] Building road network (MST + redundancy)...
12:03:27 | [INIT] [ROADS     ] Road network built. 319 active edges.
12:03:27 | [INIT] [ML        ] Running crime risk prediction pipeline...
12:03:27 | [INIT] [ML        ] Crime risk prediction complete. HIGH=5, MEDIUM=29, LOW=191
12:03:27 | [INIT] [ML        ] Decision Tree rules:
IF population_density <= 0.610 (gini=0.069):
  IF industrial_proximity <= 0.750 (gini=0.030):
    IF population_density <= 0.487 (gini=0.019):
      → PREDICT: LOW
    ELSE:
      IF industrial_proximity <= 0.194 (gini=0.000):
        → PREDICT: LOW
      ELSE:
        → PREDICT: MEDIUM
  ELSE:
    → PREDICT: HIGH
ELSE:
  → PREDICT: MEDIUM

12:03:27 | [INIT] [ML        ] 10 police officers deployed to nodes: 209, 33, 155, 74, 191, 85, 86, 102, 223, 116
12:03:27 | [INIT] [AMBULANCE ] Running GA for ambulance placement...
12:03:27 | [INIT] [AMBULANCE ] Ambulances placed at nodes [87, 168, 94]
12:03:27 | [INIT] [ROUTING   ] Creating A* emergency router...
12:03:27 | [INIT] [ROUTING   ] Mission set. Start: node 12. Civilians at: [191, 112, 74, 192, 27]
12:03:27 | [INIT] [SIMULATION] Initialization complete. All 5 challenges ready.
12:03:27 | [INIT] [SIMULATION] Initializing CityMind simulation...
12:03:27 | [INIT] [LAYOUT    ] Running CSP solver for city layout...
12:03:27 | [INIT] [LAYOUT    ] City layout assigned successfully via CSP.
12:03:27 | [INIT] [ROADS     ] Building road network (MST + redundancy)...
12:03:27 | [INIT] [ROADS     ] Road network built. 319 active edges.
12:03:27 | [INIT] [ML        ] Running crime risk prediction pipeline...
12:03:27 | [INIT] [ML        ] Crime risk prediction complete. HIGH=5, MEDIUM=29, LOW=191
12:03:27 | [INIT] [ML        ] Decision Tree rules:
IF population_density <= 0.610 (gini=0.069):
  IF industrial_proximity <= 0.750 (gini=0.030):
    IF population_density <= 0.487 (gini=0.019):
      → PREDICT: LOW
    ELSE:
      IF industrial_proximity <= 0.194 (gini=0.000):
        → PREDICT: LOW
      ELSE:
        → PREDICT: MEDIUM
  ELSE:
    → PREDICT: HIGH
ELSE:
  → PREDICT: MEDIUM

12:03:27 | [INIT] [ML        ] 10 police officers deployed to nodes: 209, 33, 155, 74, 191, 85, 86, 102, 223, 116
12:03:27 | [INIT] [AMBULANCE ] Running GA for ambulance placement...
12:03:27 | [INIT] [AMBULANCE ] Ambulances placed at nodes [87, 168, 94]
12:03:27 | [INIT] [ROUTING   ] Creating A* emergency router...
12:03:27 | [INIT] [ROUTING   ] Mission set. Start: node 12. Civilians at: [191, 112, 74, 192, 27]
12:03:27 | [INIT] [SIMULATION] Initialization complete. All 5 challenges ready.
12:03:27 | [INIT] [SIMULATION] Initializing CityMind simulation...
12:03:27 | [INIT] [LAYOUT    ] Running CSP solver for city layout...
12:03:27 | [INIT] [LAYOUT    ] City layout assigned successfully via CSP.
12:03:27 | [INIT] [ROADS     ] Building road network (MST + redundancy)...
12:03:27 | [INIT] [ROADS     ] Road network built. 319 active edges.
12:03:27 | [INIT] [ML        ] Running crime risk prediction pipeline...
12:03:27 | [INIT] [ML        ] Crime risk prediction complete. HIGH=5, MEDIUM=29, LOW=191
12:03:27 | [INIT] [ML        ] Decision Tree rules:
IF population_density <= 0.610 (gini=0.069):
  IF industrial_proximity <= 0.750 (gini=0.030):
    IF population_density <= 0.487 (gini=0.019):
      → PREDICT: LOW
    ELSE:
      IF industrial_proximity <= 0.194 (gini=0.000):
        → PREDICT: LOW
      ELSE:
        → PREDICT: MEDIUM
  ELSE:
    → PREDICT: HIGH
ELSE:
  → PREDICT: MEDIUM

12:03:27 | [INIT] [ML        ] 10 police officers deployed to nodes: 209, 33, 155, 74, 191, 85, 86, 102, 223, 116
12:03:27 | [INIT] [AMBULANCE ] Running GA for ambulance placement...
12:03:27 | [INIT] [AMBULANCE ] Ambulances placed at nodes [87, 168, 94]
12:03:27 | [INIT] [ROUTING   ] Creating A* emergency router...
12:03:27 | [INIT] [ROUTING   ] Mission set. Start: node 12. Civilians at: [191, 112, 74, 192, 27]
12:03:27 | [INIT] [SIMULATION] Initialization complete. All 5 challenges ready.
12:03:27 | [INIT] [SIMULATION] Initializing CityMind simulation...
12:03:27 | [INIT] [LAYOUT    ] Running CSP solver for city layout...
12:03:27 | [INIT] [LAYOUT    ] City layout assigned successfully via CSP.
12:03:27 | [INIT] [ROADS     ] Building road network (MST + redundancy)...
12:03:27 | [INIT] [ROADS     ] Road network built. 319 active edges.
12:03:27 | [INIT] [ML        ] Running crime risk prediction pipeline...
12:03:27 | [INIT] [ML        ] Crime risk prediction complete. HIGH=5, MEDIUM=29, LOW=191
12:03:27 | [INIT] [ML        ] Decision Tree rules:
IF population_density <= 0.610 (gini=0.069):
  IF industrial_proximity <= 0.750 (gini=0.030):
    IF population_density <= 0.487 (gini=0.019):
      → PREDICT: LOW
    ELSE:
      IF industrial_proximity <= 0.194 (gini=0.000):
        → PREDICT: LOW
      ELSE:
        → PREDICT: MEDIUM
  ELSE:
    → PREDICT: HIGH
ELSE:
  → PREDICT: MEDIUM

12:03:27 | [INIT] [ML        ] 10 police officers deployed to nodes: 209, 33, 155, 74, 191, 85, 86, 102, 223, 116
12:03:27 | [INIT] [AMBULANCE ] Running GA for ambulance placement...
12:03:27 | [INIT] [AMBULANCE ] Ambulances placed at nodes [87, 168, 94]
12:03:27 | [INIT] [ROUTING   ] Creating A* emergency router...
12:03:27 | [INIT] [ROUTING   ] Mission set. Start: node 12. Civilians at: [191, 112, 74, 192, 27]
12:03:27 | [INIT] [SIMULATION] Initialization complete. All 5 challenges ready.
12:03:27 | [STEP 01] [SIMULATION] --- Step 1 ---
12:03:27 | [STEP 01] [FLOOD     ] Road between 189 and 204 flooded!
12:03:27 | [STEP 01] [ROUTING   ] Team moved to node 27
12:03:27 | [STEP 01] [ROUTING   ] ROUTE PLANNED: 12 -> 191, 14 steps
12:03:27 | [INIT] [SIMULATION] Initializing CityMind simulation...
12:03:27 | [INIT] [LAYOUT    ] Running CSP solver for city layout...
12:03:28 | [INIT] [LAYOUT    ] City layout assigned successfully via CSP.
12:03:28 | [INIT] [ROADS     ] Building road network (MST + redundancy)...
12:03:28 | [INIT] [ROADS     ] Road network built. 319 active edges.
12:03:28 | [INIT] [ML        ] Running crime risk prediction pipeline...
12:03:28 | [INIT] [ML        ] Crime risk prediction complete. HIGH=5, MEDIUM=29, LOW=191
12:03:28 | [INIT] [ML        ] Decision Tree rules:
IF population_density <= 0.610 (gini=0.069):
  IF industrial_proximity <= 0.750 (gini=0.030):
    IF population_density <= 0.487 (gini=0.019):
      → PREDICT: LOW
    ELSE:
      IF industrial_proximity <= 0.194 (gini=0.000):
        → PREDICT: LOW
      ELSE:
        → PREDICT: MEDIUM
  ELSE:
    → PREDICT: HIGH
ELSE:
  → PREDICT: MEDIUM

12:03:28 | [INIT] [ML        ] 10 police officers deployed to nodes: 209, 33, 155, 74, 191, 85, 86, 102, 223, 116
12:03:28 | [INIT] [AMBULANCE ] Running GA for ambulance placement...
12:03:28 | [INIT] [AMBULANCE ] Ambulances placed at nodes [87, 168, 94]
12:03:28 | [INIT] [ROUTING   ] Creating A* emergency router...
12:03:28 | [INIT] [ROUTING   ] Mission set. Start: node 12. Civilians at: [191, 112, 74, 192, 27]
12:03:28 | [INIT] [SIMULATION] Initialization complete. All 5 challenges ready.
