11:14:15 | [INIT] [SIMULATION] Initializing CityMind simulation...
11:14:15 | [INIT] [LAYOUT    ] Running CSP solver for city layout...
11:14:15 | [INIT] [LAYOUT    ] City layout assigned successfully via CSP.
11:14:15 | [INIT] [ROADS     ] Building road network (MST + redundancy)...
11:14:15 | [INIT] [ROADS     ] Road network built. 319 active edges.
11:14:15 | [INIT] [ML        ] Running crime risk prediction pipeline...
11:14:15 | [INIT] [ML        ] Crime risk prediction complete. HIGH=5, MEDIUM=29, LOW=191
11:14:15 | [INIT] [ML        ] Decision Tree rules:
IF population_density <= 0.610 (gini=0.069):
  IF industrial_proximity <= 0.750 (gini=0.030):
    IF population_density <= 0.487 (gini=0.019):
      → PREDICT: LOW
    ELSE:
      IF industrial_proximity <= 0.194 (gini=0.000):
        → PREDICT: LOW
      ELSE:
        → PREDICT: MEDIUM
  ELSE:
    → PREDICT: HIGH
ELSE:
  → PREDICT: MEDIUM

11:14:15 | [INIT] [AMBULANCE ] Running GA for ambulance placement...
