11:15:59 | [INIT] [SIMULATION] Initializing CityMind simulation...
11:15:59 | [INIT] [LAYOUT    ] Running CSP solver for city layout...
11:15:59 | [INIT] [LAYOUT    ] City layout assigned successfully via CSP.
11:15:59 | [INIT] [ROADS     ] Building road network (MST + redundancy)...
11:15:59 | [INIT] [ROADS     ] Road network built. 319 active edges.
11:15:59 | [INIT] [ML        ] Running crime risk prediction pipeline...
11:15:59 | [INIT] [ML        ] Crime risk prediction complete. HIGH=5, MEDIUM=29, LOW=191
11:15:59 | [INIT] [ML        ] Decision Tree rules:
IF population_density <= 0.610 (gini=0.069):
  IF industrial_proximity <= 0.750 (gini=0.030):
    IF population_density <= 0.487 (gini=0.019):
      → PREDICT: LOW
    ELSE:
      IF industrial_proximity <= 0.194 (gini=0.000):
        → PREDICT: LOW
      ELSE:
        → PREDICT: MEDIUM
  ELSE:
    → PREDICT: HIGH
ELSE:
  → PREDICT: MEDIUM

11:15:59 | [INIT] [AMBULANCE ] Running GA for ambulance placement...
11:16:00 | [INIT] [AMBULANCE ] Ambulances placed at nodes [87, 168, 94]
11:16:00 | [INIT] [ROUTING   ] Creating A* emergency router...
11:16:00 | [INIT] [ROUTING   ] Mission set. Start: node 12. Civilians at: [191, 112, 74, 192, 27]
11:16:00 | [INIT] [SIMULATION] Initialization complete. All 5 challenges ready.
11:16:00 | [STEP 01] [SIMULATION] --- Step 1 ---
11:16:00 | [STEP 01] [FLOOD     ] Road between 189 and 204 flooded!
11:16:00 | [STEP 01] [ROUTING   ] Team moved to node 27
11:16:00 | [STEP 01] [ROUTING   ] ROUTE PLANNED: 12 -> 191, 14 steps
